// Jest Snapshot v1, https://goo.gl/fbAQLP

exports[`CartItem Component should render CartItem component 1`] = `ShallowWrapper {}`;
