// Jest Snapshot v1, https://goo.gl/fbAQLP

exports[`Checkout Item Component should render Checkout Component 1`] = `ShallowWrapper {}`;
